23:31:33.053 [main] DEBUG com.intuit.karate.Suite - [config] classpath:karate-config.js
23:31:34.839 [main] INFO  com.intuit.karate - karate.env system property was: null 
23:31:35.205 [main] DEBUG com.intuit.karate - request:
1 > GET https://jsonplaceholder.typicode.com/users
1 > Host: jsonplaceholder.typicode.com
1 > Connection: Keep-Alive
1 > User-Agent: Apache-HttpClient/4.5.14 (Java/21.0.9)
1 > Accept-Encoding: gzip,deflate


23:31:35.772 [main] DEBUG com.intuit.karate - response time in milliseconds: 561
1 < 200
1 < Date: Thu, 08 Jan 2026 04:31:36 GMT
1 < Content-Type: application/json; charset=utf-8
1 < Connection: keep-alive
1 < access-control-allow-credentials: true
1 < Cache-Control: max-age=43200
1 < etag: W/"160d-1eMSsxeJRfnVLRBmYJSbCiJZ1qQ"
1 < expires: -1
1 < nel: {"report_to":"heroku-nel","response_headers":["Via"],"max_age":3600,"success_fraction":0.01,"failure_fraction":0.1}
1 < pragma: no-cache
1 < report-to: {"group":"heroku-nel","endpoints":[{"url":"https://nel.heroku.com/reports?s=9MW7LzEP4srBOOQpfP%2ByPPu24zh%2FArEdnXDzP6jyuKo%3D\u0026sid=e11707d5-02a7-43ef-b45e-2cf4d2036f7d\u0026ts=1764369831"}],"max_age":3600}
1 < reporting-endpoints: heroku-nel="https://nel.heroku.com/reports?s=9MW7LzEP4srBOOQpfP%2ByPPu24zh%2FArEdnXDzP6jyuKo%3D&sid=e11707d5-02a7-43ef-b45e-2cf4d2036f7d&ts=1764369831"
1 < Server: cloudflare
1 < vary: Origin, Accept-Encoding
1 < via: 2.0 heroku-router
1 < x-content-type-options: nosniff
1 < x-powered-by: Express
1 < x-ratelimit-limit: 1000
1 < x-ratelimit-remaining: 997
1 < x-ratelimit-reset: 1764369855
1 < Age: 24507
1 < Accept-Ranges: bytes
1 < cf-cache-status: HIT
1 < Server-Timing: cfCacheStatus;desc="HIT"
1 < Server-Timing: cfEdge;dur=3,cfOrigin;dur=0
1 < CF-RAY: 9ba8f75f5a6d8692-EZE
1 < alt-svc: h3=":443"; ma=86400
[
  {
    "id": 1,
    "name": "Leanne Graham",
    "username": "Bret",
    "email": "Sincere@april.biz",
    "address": {
      "street": "Kulas Light",
      "suite": "Apt. 556",
      "city": "Gwenborough",
      "zipcode": "92998-3874",
      "geo": {
        "lat": "-37.3159",
        "lng": "81.1496"
      }
    },
    "phone": "1-770-736-8031 x56442",
    "website": "hildegard.org",
    "company": {
      "name": "Romaguera-Crona",
      "catchPhrase": "Multi-layered client-server neural-net",
      "bs": "harness real-time e-markets"
    }
  },
  {
    "id": 2,
    "name": "Ervin Howell",
    "username": "Antonette",
    "email": "Shanna@melissa.tv",
    "address": {
      "street": "Victor Plains",
      "suite": "Suite 879",
      "city": "Wisokyburgh",
      "zipcode": "90566-7771",
      "geo": {
        "lat": "-43.9509",
        "lng": "-34.4618"
      }
    },
    "phone": "010-692-6593 x09125",
    "website": "anastasia.net",
    "company": {
      "name": "Deckow-Crist",
      "catchPhrase": "Proactive didactic contingency",
      "bs": "synergize scalable supply-chains"
    }
  },
  {
    "id": 3,
    "name": "Clementine Bauch",
    "username": "Samantha",
    "email": "Nathan@yesenia.net",
    "address": {
      "street": "Douglas Extension",
      "suite": "Suite 847",
      "city": "McKenziehaven",
      "zipcode": "59590-4157",
      "geo": {
        "lat": "-68.6102",
        "lng": "-47.0653"
      }
    },
    "phone": "1-463-123-4447",
    "website": "ramiro.info",
    "company": {
      "name": "Romaguera-Jacobson",
      "catchPhrase": "Face to face bifurcated interface",
      "bs": "e-enable strategic applications"
    }
  },
  {
    "id": 4,
    "name": "Patricia Lebsack",
    "username": "Karianne",
    "email": "Julianne.OConner@kory.org",
    "address": {
      "street": "Hoeger Mall",
      "suite": "Apt. 692",
      "city": "South Elvis",
      "zipcode": "53919-4257",
      "geo": {
        "lat": "29.4572",
        "lng": "-164.2990"
      }
    },
    "phone": "493-170-9623 x156",
    "website": "kale.biz",
    "company": {
      "name": "Robel-Corkery",
      "catchPhrase": "Multi-tiered zero tolerance productivity",
      "bs": "transition cutting-edge web services"
    }
  },
  {
    "id": 5,
    "name": "Chelsey Dietrich",
    "username": "Kamren",
    "email": "Lucio_Hettinger@annie.ca",
    "address": {
      "street": "Skiles Walks",
      "suite": "Suite 351",
      "city": "Roscoeview",
      "zipcode": "33263",
      "geo": {
        "lat": "-31.8129",
        "lng": "62.5342"
      }
    },
    "phone": "(254)954-1289",
    "website": "demarco.info",
    "company": {
      "name": "Keebler LLC",
      "catchPhrase": "User-centric fault-tolerant solution",
      "bs": "revolutionize end-to-end systems"
    }
  },
  {
    "id": 6,
    "name": "Mrs. Dennis Schulist",
    "username": "Leopoldo_Corkery",
    "email": "Karley_Dach@jasper.info",
    "address": {
      "street": "Norberto Crossing",
      "suite": "Apt. 950",
      "city": "South Christy",
      "zipcode": "23505-1337",
      "geo": {
        "lat": "-71.4197",
        "lng": "71.7478"
      }
    },
    "phone": "1-477-935-8478 x6430",
    "website": "ola.org",
    "company": {
      "name": "Considine-Lockman",
      "catchPhrase": "Synchronised bottom-line interface",
      "bs": "e-enable innovative applications"
    }
  },
  {
    "id": 7,
    "name": "Kurtis Weissnat",
    "username": "Elwyn.Skiles",
    "email": "Telly.Hoeger@billy.biz",
    "address": {
      "street": "Rex Trail",
      "suite": "Suite 280",
      "city": "Howemouth",
      "zipcode": "58804-1099",
      "geo": {
        "lat": "24.8918",
        "lng": "21.8984"
      }
    },
    "phone": "210.067.6132",
    "website": "elvis.io",
    "company": {
      "name": "Johns Group",
      "catchPhrase": "Configurable multimedia task-force",
      "bs": "generate enterprise e-tailers"
    }
  },
  {
    "id": 8,
    "name": "Nicholas Runolfsdottir V",
    "username": "Maxime_Nienow",
    "email": "Sherwood@rosamond.me",
    "address": {
      "street": "Ellsworth Summit",
      "suite": "Suite 729",
      "city": "Aliyaview",
      "zipcode": "45169",
      "geo": {
        "lat": "-14.3990",
        "lng": "-120.7677"
      }
    },
    "phone": "586.493.6943 x140",
    "website": "jacynthe.com",
    "company": {
      "name": "Abernathy Group",
      "catchPhrase": "Implemented secondary concept",
      "bs": "e-enable extensible e-tailers"
    }
  },
  {
    "id": 9,
    "name": "Glenna Reichert",
    "username": "Delphine",
    "email": "Chaim_McDermott@dana.io",
    "address": {
      "street": "Dayna Park",
      "suite": "Suite 449",
      "city": "Bartholomebury",
      "zipcode": "76495-3109",
      "geo": {
        "lat": "24.6463",
        "lng": "-168.8889"
      }
    },
    "phone": "(775)976-6794 x41206",
    "website": "conrad.com",
    "company": {
      "name": "Yost and Sons",
      "catchPhrase": "Switchable contextually-based project",
      "bs": "aggregate real-time technologies"
    }
  },
  {
    "id": 10,
    "name": "Clementina DuBuque",
    "username": "Moriah.Stanton",
    "email": "Rey.Padberg@karina.biz",
    "address": {
      "street": "Kattie Turnpike",
      "suite": "Suite 198",
      "city": "Lebsackbury",
      "zipcode": "31428-2261",
      "geo": {
        "lat": "-38.2386",
        "lng": "57.2232"
      }
    },
    "phone": "024-648-3804",
    "website": "ambrose.net",
    "company": {
      "name": "Hoeger LLC",
      "catchPhrase": "Centralized empowering task-force",
      "bs": "target end-to-end models"
    }
  }
]

23:31:35.885 [main] DEBUG com.intuit.karate - request:
2 > GET https://jsonplaceholder.typicode.com/users/1
2 > Host: jsonplaceholder.typicode.com
2 > Connection: Keep-Alive
2 > User-Agent: Apache-HttpClient/4.5.14 (Java/21.0.9)
2 > Accept-Encoding: gzip,deflate


23:31:36.081 [main] DEBUG com.intuit.karate - response time in milliseconds: 194
2 < 200
2 < Date: Thu, 08 Jan 2026 04:31:37 GMT
2 < Content-Type: application/json; charset=utf-8
2 < Transfer-Encoding: chunked
2 < Connection: keep-alive
2 < access-control-allow-credentials: true
2 < Cache-Control: max-age=43200
2 < etag: W/"1fd-+2Y3G3w049iSZtw5t1mzSnunngE"
2 < expires: -1
2 < nel: {"report_to":"heroku-nel","response_headers":["Via"],"max_age":3600,"success_fraction":0.01,"failure_fraction":0.1}
2 < pragma: no-cache
2 < report-to: {"group":"heroku-nel","endpoints":[{"url":"https://nel.heroku.com/reports?s=5u%2BrFOdTKu8O4XZHAy5fxdAEYCKMUYYySwYDuZ%2FPquQ%3D\u0026sid=e11707d5-02a7-43ef-b45e-2cf4d2036f7d\u0026ts=1764309965"}],"max_age":3600}
2 < reporting-endpoints: heroku-nel="https://nel.heroku.com/reports?s=5u%2BrFOdTKu8O4XZHAy5fxdAEYCKMUYYySwYDuZ%2FPquQ%3D&sid=e11707d5-02a7-43ef-b45e-2cf4d2036f7d&ts=1764309965"
2 < Server: cloudflare
2 < vary: Origin, Accept-Encoding
2 < via: 2.0 heroku-router
2 < x-content-type-options: nosniff
2 < x-powered-by: Express
2 < x-ratelimit-limit: 1000
2 < x-ratelimit-remaining: 932
2 < x-ratelimit-reset: 1764309975
2 < Age: 24683
2 < Server-Timing: cfCacheStatus;desc="HIT"
2 < Server-Timing: cfEdge;dur=2,cfOrigin;dur=0
2 < cf-cache-status: HIT
2 < CF-RAY: 9ba8f7615dc08692-EZE
2 < alt-svc: h3=":443"; ma=86400
{
  "id": 1,
  "name": "Leanne Graham",
  "username": "Bret",
  "email": "Sincere@april.biz",
  "address": {
    "street": "Kulas Light",
    "suite": "Apt. 556",
    "city": "Gwenborough",
    "zipcode": "92998-3874",
    "geo": {
      "lat": "-37.3159",
      "lng": "81.1496"
    }
  },
  "phone": "1-770-736-8031 x56442",
  "website": "hildegard.org",
  "company": {
    "name": "Romaguera-Crona",
    "catchPhrase": "Multi-layered client-server neural-net",
    "bs": "harness real-time e-markets"
  }
}

23:31:36.138 [main] INFO  com.intuit.karate - karate.env system property was: null 
23:31:36.255 [main] DEBUG com.intuit.karate - request:
1 > POST https://jsonplaceholder.typicode.com/users
1 > Content-Type: application/json; charset=UTF-8
1 > Content-Length: 160
1 > Host: jsonplaceholder.typicode.com
1 > Connection: Keep-Alive
1 > User-Agent: Apache-HttpClient/4.5.14 (Java/21.0.9)
1 > Accept-Encoding: gzip,deflate
{"name":"Test User","username":"testuser","email":"test@user.com","address":{"street":"Has No Name","suite":"Apt. 123","city":"Electri","zipcode":"54321-6789"}}

23:31:36.617 [main] DEBUG com.intuit.karate - response time in milliseconds: 361
1 < 201
1 < Date: Thu, 08 Jan 2026 04:31:37 GMT
1 < Content-Type: application/json; charset=utf-8
1 < Content-Length: 216
1 < Connection: keep-alive
1 < access-control-allow-credentials: true
1 < access-control-expose-headers: Location
1 < Cache-Control: no-cache
1 < etag: W/"d8-pYV7+YuMGP2hxHPU9ARrf97ifDA"
1 < expires: -1
1 < location: https://jsonplaceholder.typicode.com/users/11
1 < nel: {"report_to":"heroku-nel","response_headers":["Via"],"max_age":3600,"success_fraction":0.01,"failure_fraction":0.1}
1 < pragma: no-cache
1 < report-to: {"group":"heroku-nel","endpoints":[{"url":"https://nel.heroku.com/reports?s=KvmTehy9i3AEKn699OSqURGuIvbzc5tHxwiDVGXeUoE%3D\u0026sid=e11707d5-02a7-43ef-b45e-2cf4d2036f7d\u0026ts=1767846697"}],"max_age":3600}
1 < reporting-endpoints: heroku-nel="https://nel.heroku.com/reports?s=KvmTehy9i3AEKn699OSqURGuIvbzc5tHxwiDVGXeUoE%3D&sid=e11707d5-02a7-43ef-b45e-2cf4d2036f7d&ts=1767846697"
1 < Server: cloudflare
1 < vary: Origin, X-HTTP-Method-Override, Accept-Encoding
1 < via: 2.0 heroku-router
1 < x-content-type-options: nosniff
1 < x-powered-by: Express
1 < x-ratelimit-limit: 1000
1 < x-ratelimit-remaining: 999
1 < x-ratelimit-reset: 1767846711
1 < cf-cache-status: DYNAMIC
1 < Server-Timing: cfCacheStatus;desc="DYNAMIC"
1 < Server-Timing: cfEdge;dur=2,cfOrigin;dur=142
1 < CF-RAY: 9ba8f763da991a73-EZE
1 < alt-svc: h3=":443"; ma=86400
{
  "name": "Test User",
  "username": "testuser",
  "email": "test@user.com",
  "address": {
    "street": "Has No Name",
    "suite": "Apt. 123",
    "city": "Electri",
    "zipcode": "54321-6789"
  },
  "id": 11
}

23:31:36.624 [main] INFO  com.intuit.karate - [print] created id is:  11 
23:41:21.262 [main] DEBUG com.intuit.karate.Suite - [config] classpath:karate-config.js
23:41:22.856 [main] INFO  com.intuit.karate - karate.env system property was: null 
23:41:22.901 [main] ERROR com.intuit.karate - classpath:examples/users/users.feature:5
* url_parabank 'https://parabank.parasoft.com/parabank/services/bank/'
no step-definition method match found for: url_parabank 'https://parabank.parasoft.com/parabank/services/bank/'
classpath:examples/users/users.feature:5
23:42:52.986 [main] DEBUG com.intuit.karate.Suite - [config] classpath:karate-config.js
23:42:54.537 [main] INFO  com.intuit.karate - karate.env system property was: null 
23:42:54.581 [main] ERROR com.intuit.karate - classpath:examples/users/users.feature:5
* url_parabank 'https://parabank.parasoft.com/parabank/services/bank'
no step-definition method match found for: url_parabank 'https://parabank.parasoft.com/parabank/services/bank'
classpath:examples/users/users.feature:5
23:44:03.399 [main] DEBUG com.intuit.karate.Suite - [config] classpath:karate-config.js
23:44:04.893 [main] INFO  com.intuit.karate - karate.env system property was: null 
23:44:04.938 [main] ERROR com.intuit.karate - classpath:examples/users/users.feature:5
* url_parabank 'https://parabank.parasoft.com/parabank/services/bank'
no step-definition method match found for: url_parabank 'https://parabank.parasoft.com/parabank/services/bank'
classpath:examples/users/users.feature:5
23:45:33.683 [main] DEBUG com.intuit.karate.Suite - [config] classpath:karate-config.js
23:45:36.937 [main] INFO  com.intuit.karate - karate.env system property was: null 
23:45:37.014 [main] ERROR com.intuit.karate - classpath:examples/users/users.feature:5
* url_parabank 'https://parabank.parasoft.com/parabank/services/bank'
no step-definition method match found for: url_parabank 'https://parabank.parasoft.com/parabank/services/bank'
classpath:examples/users/users.feature:5
23:47:20.948 [main] DEBUG com.intuit.karate.Suite - [config] classpath:karate-config.js
23:47:22.485 [main] INFO  com.intuit.karate - karate.env system property was: null 
23:47:22.529 [main] ERROR com.intuit.karate - classpath:examples/users/users.feature:5
* url_parabank 'https://parabank.parasoft.com/parabank/services/bank'
no step-definition method match found for: url_parabank 'https://parabank.parasoft.com/parabank/services/bank'
classpath:examples/users/users.feature:5
23:47:48.608 [main] DEBUG com.intuit.karate.Suite - [config] classpath:karate-config.js
23:47:50.057 [main] INFO  com.intuit.karate - karate.env system property was: null 
23:47:50.430 [main] DEBUG com.intuit.karate - request:
1 > GET https://parabank.parasoft.com/parabank/services/bank/accounts
1 > Host: parabank.parasoft.com
1 > Connection: Keep-Alive
1 > User-Agent: Apache-HttpClient/4.5.14 (Java/21.0.9)
1 > Accept-Encoding: gzip,deflate


23:47:51.204 [main] DEBUG com.intuit.karate - response time in milliseconds: 769
1 < 404
1 < Date: Thu, 08 Jan 2026 04:47:52 GMT
1 < Content-Length: 0
1 < Connection: keep-alive
1 < Server: cloudflare
1 < allow: POST,GET,OPTIONS,HEAD
1 < cf-cache-status: DYNAMIC
1 < X-Content-Type-Options: nosniff
1 < CF-RAY: 9ba90f2d8948c2a1-LIM


23:47:51.264 [main] ERROR com.intuit.karate - classpath:examples/users/users.feature:10
Then status 200
status code was: 404, expected: 200, response time in milliseconds: 769, url: https://parabank.parasoft.com/parabank/services/bank/accounts, response: 

classpath:examples/users/users.feature:10
23:48:13.954 [main] DEBUG com.intuit.karate.Suite - [config] classpath:karate-config.js
23:48:15.450 [main] INFO  com.intuit.karate - karate.env system property was: null 
23:48:15.818 [main] DEBUG com.intuit.karate - request:
1 > GET https://parabank.parasoft.com/parabank/services/bank/accounts/13344
1 > Host: parabank.parasoft.com
1 > Connection: Keep-Alive
1 > User-Agent: Apache-HttpClient/4.5.14 (Java/21.0.9)
1 > Accept-Encoding: gzip,deflate


23:48:16.357 [main] DEBUG com.intuit.karate - response time in milliseconds: 533
1 < 200
1 < Date: Thu, 08 Jan 2026 04:48:17 GMT
1 < Content-Type: application/xml
1 < Transfer-Encoding: chunked
1 < Connection: keep-alive
1 < Server: cloudflare
1 < cf-cache-status: DYNAMIC
1 < X-Content-Type-Options: nosniff
1 < CF-RAY: 9ba90fcc1fc2c2b0-LIM
<?xml version="1.0" encoding="UTF-8" standalone="yes"?><account><id>13344</id><customerId>12212</customerId><type>SAVINGS</type><balance>1231.10</balance></account>

23:48:50.479 [main] DEBUG com.intuit.karate.Suite - [config] classpath:karate-config.js
23:48:52.080 [main] INFO  com.intuit.karate - karate.env system property was: null 
23:48:52.463 [main] DEBUG com.intuit.karate - request:
1 > GET https://parabank.parasoft.com/parabank/services/bank/accounts/13344
1 > Host: parabank.parasoft.com
1 > Connection: Keep-Alive
1 > User-Agent: Apache-HttpClient/4.5.14 (Java/21.0.9)
1 > Accept-Encoding: gzip,deflate


23:48:52.967 [main] DEBUG com.intuit.karate - response time in milliseconds: 500
1 < 200
1 < Date: Thu, 08 Jan 2026 04:48:54 GMT
1 < Content-Type: application/xml
1 < Transfer-Encoding: chunked
1 < Connection: keep-alive
1 < Server: cloudflare
1 < cf-cache-status: DYNAMIC
1 < X-Content-Type-Options: nosniff
1 < CF-RAY: 9ba910b12c13c2b8-LIM
<?xml version="1.0" encoding="UTF-8" standalone="yes"?><account><id>13344</id><customerId>12212</customerId><type>SAVINGS</type><balance>1231.10</balance></account>

23:48:53.034 [main] INFO  com.intuit.karate - [print] created id is:  null 
23:49:36.066 [main] DEBUG com.intuit.karate.Suite - [config] classpath:karate-config.js
23:49:37.578 [main] INFO  com.intuit.karate - karate.env system property was: null 
23:49:37.992 [main] DEBUG com.intuit.karate - request:
1 > GET https://parabank.parasoft.com/parabank/services/bank/accounts/13344
1 > Host: parabank.parasoft.com
1 > Connection: Keep-Alive
1 > User-Agent: Apache-HttpClient/4.5.14 (Java/21.0.9)
1 > Accept-Encoding: gzip,deflate


23:49:38.503 [main] DEBUG com.intuit.karate - response time in milliseconds: 504
1 < 200
1 < Date: Thu, 08 Jan 2026 04:49:39 GMT
1 < Content-Type: application/xml
1 < Transfer-Encoding: chunked
1 < Connection: keep-alive
1 < Server: cloudflare
1 < cf-cache-status: DYNAMIC
1 < X-Content-Type-Options: nosniff
1 < CF-RAY: 9ba911cdbf9dc2b5-LIM
<?xml version="1.0" encoding="UTF-8" standalone="yes"?><account><id>13344</id><customerId>12212</customerId><type>SAVINGS</type><balance>1231.10</balance></account>

23:49:38.582 [main] INFO  com.intuit.karate - [print] created id is:  13344 
23:53:51.077 [main] DEBUG com.intuit.karate.Suite - [config] classpath:karate-config.js
23:53:52.539 [main] INFO  com.intuit.karate - karate.env system property was: null 
23:53:52.928 [main] DEBUG com.intuit.karate - request:
1 > GET https://parabank.parasoft.com/parabank/services/bank/accounts/13344
1 > Host: parabank.parasoft.com
1 > Connection: Keep-Alive
1 > User-Agent: Apache-HttpClient/4.5.14 (Java/21.0.9)
1 > Accept-Encoding: gzip,deflate


23:53:53.848 [main] DEBUG com.intuit.karate - response time in milliseconds: 911
1 < 200
1 < Date: Thu, 08 Jan 2026 04:53:54 GMT
1 < Content-Type: application/xml
1 < Transfer-Encoding: chunked
1 < Connection: keep-alive
1 < Server: cloudflare
1 < cf-cache-status: DYNAMIC
1 < X-Content-Type-Options: nosniff
1 < CF-RAY: 9ba91807fd22c29c-LIM
<?xml version="1.0" encoding="UTF-8" standalone="yes"?><account><id>13344</id><customerId>12212</customerId><type>SAVINGS</type><balance>1231.10</balance></account>

23:53:53.916 [main] INFO  com.intuit.karate - [print] created id is:  13344 
23:54:56.446 [main] DEBUG com.intuit.karate.Suite - [config] classpath:karate-config.js
23:54:57.908 [main] INFO  com.intuit.karate - karate.env system property was: null 
23:54:58.291 [main] DEBUG com.intuit.karate - request:
1 > GET https://parabank.parasoft.com/parabank/services/bank/accounts/13344
1 > Host: parabank.parasoft.com
1 > Connection: Keep-Alive
1 > User-Agent: Apache-HttpClient/4.5.14 (Java/21.0.9)
1 > Accept-Encoding: gzip,deflate


23:54:58.786 [main] DEBUG com.intuit.karate - response time in milliseconds: 490
1 < 200
1 < Date: Thu, 08 Jan 2026 04:54:59 GMT
1 < Content-Type: application/xml
1 < Transfer-Encoding: chunked
1 < Connection: keep-alive
1 < Server: cloudflare
1 < cf-cache-status: DYNAMIC
1 < X-Content-Type-Options: nosniff
1 < CF-RAY: 9ba9199f8e56954c-LIM
<?xml version="1.0" encoding="UTF-8" standalone="yes"?><account><id>13344</id><customerId>12212</customerId><type>SAVINGS</type><balance>1231.10</balance></account>

23:54:58.862 [main] INFO  com.intuit.karate - [print] created id is:  13344 
23:55:56.754 [main] DEBUG com.intuit.karate.Suite - [config] classpath:karate-config.js
23:55:58.240 [main] INFO  com.intuit.karate - karate.env system property was: null 
23:55:58.624 [main] DEBUG com.intuit.karate - request:
1 > GET https://parabank.parasoft.com/parabank/services/bank/accounts/13344
1 > Host: parabank.parasoft.com
1 > Connection: Keep-Alive
1 > User-Agent: Apache-HttpClient/4.5.14 (Java/21.0.9)
1 > Accept-Encoding: gzip,deflate


23:55:59.113 [main] DEBUG com.intuit.karate - response time in milliseconds: 481
1 < 200
1 < Date: Thu, 08 Jan 2026 04:56:00 GMT
1 < Content-Type: application/xml
1 < Transfer-Encoding: chunked
1 < Connection: keep-alive
1 < Server: cloudflare
1 < cf-cache-status: DYNAMIC
1 < X-Content-Type-Options: nosniff
1 < CF-RAY: 9ba91b189e0a56b2-LIM
<?xml version="1.0" encoding="UTF-8" standalone="yes"?><account><id>13344</id><customerId>12212</customerId><type>SAVINGS</type><balance>1231.10</balance></account>

23:55:59.270 [main] INFO  com.intuit.karate - [print] created id is:  13344 
23:57:04.947 [main] DEBUG com.intuit.karate.Suite - [config] classpath:karate-config.js
23:57:06.415 [main] INFO  com.intuit.karate - karate.env system property was: null 
23:57:06.805 [main] DEBUG com.intuit.karate - request:
1 > GET https://parabank.parasoft.com/parabank/services/bank/accounts/13344
1 > Host: parabank.parasoft.com
1 > Connection: Keep-Alive
1 > User-Agent: Apache-HttpClient/4.5.14 (Java/21.0.9)
1 > Accept-Encoding: gzip,deflate


23:57:07.587 [main] DEBUG com.intuit.karate - response time in milliseconds: 776
1 < 200
1 < Date: Thu, 08 Jan 2026 04:57:08 GMT
1 < Content-Type: application/xml
1 < Transfer-Encoding: chunked
1 < Connection: keep-alive
1 < Server: cloudflare
1 < cf-cache-status: DYNAMIC
1 < X-Content-Type-Options: nosniff
1 < CF-RAY: 9ba91cc2edc6c2c7-LIM
<?xml version="1.0" encoding="UTF-8" standalone="yes"?><account><id>13344</id><customerId>12212</customerId><type>SAVINGS</type><balance>1231.10</balance></account>

23:57:07.656 [main] INFO  com.intuit.karate - [print] created id is:  13344 
00:00:32.742 [main] DEBUG com.intuit.karate.Suite - [config] classpath:karate-config.js
00:00:34.225 [main] INFO  com.intuit.karate - karate.env system property was: null 
00:00:34.612 [main] DEBUG com.intuit.karate - request:
1 > GET https://parabank.parasoft.com/parabank/services/bank/accounts/13344
1 > Host: parabank.parasoft.com
1 > Connection: Keep-Alive
1 > User-Agent: Apache-HttpClient/4.5.14 (Java/21.0.9)
1 > Accept-Encoding: gzip,deflate


00:00:35.448 [main] DEBUG com.intuit.karate - response time in milliseconds: 831
1 < 200
1 < Date: Thu, 08 Jan 2026 05:00:36 GMT
1 < Content-Type: application/xml
1 < Transfer-Encoding: chunked
1 < Connection: keep-alive
1 < Server: cloudflare
1 < cf-cache-status: DYNAMIC
1 < X-Content-Type-Options: nosniff
1 < CF-RAY: 9ba921d60d04952b-LIM
<?xml version="1.0" encoding="UTF-8" standalone="yes"?><account><id>13344</id><customerId>12212</customerId><type>SAVINGS</type><balance>1231.10</balance></account>

00:00:35.525 [main] INFO  com.intuit.karate - [print] created id is:  13344 
00:02:22.384 [main] DEBUG com.intuit.karate.Suite - [config] classpath:karate-config.js
00:02:23.890 [main] INFO  com.intuit.karate - karate.env system property was: null 
00:02:24.287 [main] DEBUG com.intuit.karate - request:
1 > GET https://parabank.parasoft.com/parabank/services/bank/accounts/13344
1 > Host: parabank.parasoft.com
1 > Connection: Keep-Alive
1 > User-Agent: Apache-HttpClient/4.5.14 (Java/21.0.9)
1 > Accept-Encoding: gzip,deflate


00:02:25.026 [main] DEBUG com.intuit.karate - response time in milliseconds: 735
1 < 200
1 < Date: Thu, 08 Jan 2026 05:02:26 GMT
1 < Content-Type: application/xml
1 < Transfer-Encoding: chunked
1 < Connection: keep-alive
1 < Server: cloudflare
1 < cf-cache-status: DYNAMIC
1 < X-Content-Type-Options: nosniff
1 < CF-RAY: 9ba92482fbd6951e-LIM
<?xml version="1.0" encoding="UTF-8" standalone="yes"?><account><id>13344</id><customerId>12212</customerId><type>SAVINGS</type><balance>1231.10</balance></account>

00:02:25.091 [main] INFO  com.intuit.karate - [print] <account>
  <id>13344</id>
  <customerId>12212</customerId>
  <type>SAVINGS</type>
  <balance>1231.10</balance>
</account>
 
00:02:25.177 [main] INFO  com.intuit.karate - [print] created id is:  13344 
00:05:15.093 [main] DEBUG com.intuit.karate.Suite - [config] classpath:karate-config.js
00:05:17.370 [main] INFO  com.intuit.karate - karate.env system property was: null 
00:05:17.915 [main] DEBUG com.intuit.karate - request:
1 > GET https://parabank.parasoft.com/parabank/services/bank/accounts/13344
1 > Host: parabank.parasoft.com
1 > Connection: Keep-Alive
1 > User-Agent: Apache-HttpClient/4.5.14 (Java/21.0.9)
1 > Accept-Encoding: gzip,deflate


00:05:18.704 [main] DEBUG com.intuit.karate - response time in milliseconds: 781
1 < 200
1 < Date: Thu, 08 Jan 2026 05:05:19 GMT
1 < Content-Type: application/xml
1 < Transfer-Encoding: chunked
1 < Connection: keep-alive
1 < Server: cloudflare
1 < cf-cache-status: DYNAMIC
1 < X-Content-Type-Options: nosniff
1 < CF-RAY: 9ba928c07a19c2b5-LIM
<?xml version="1.0" encoding="UTF-8" standalone="yes"?><account><id>13344</id><customerId>12212</customerId><type>SAVINGS</type><balance>1231.10</balance></account>

00:05:18.831 [main] INFO  com.intuit.karate - [print] <account>
  <id>13344</id>
  <customerId>12212</customerId>
  <type>SAVINGS</type>
  <balance>1231.10</balance>
</account>
 
00:05:18.912 [main] INFO  com.intuit.karate - [print] created id is:  13344 
